nohup: ignoring input
Loading weights:   0%|          | 0/106 [00:00<?, ?it/s]Loading weights: 100%|██████████| 106/106 [00:00<00:00, 27376.61it/s]
Device: cpu
Class-diversity index loaded: k=5, natural frequencies=[0.393 0.039 0.235 0.121 0.212]
No GRPO checkpoint found, starting fresh from Stage 2 model
Model 2 loaded. Decision threshold: 0.5000000000000001
Loading esm2_t12_35M_UR50D on cpu (one-time load)...
step 0/100 mean_reward=1.778 std=0.414 pg_loss=-0.2167 kl=0.0807 total_loss=-0.2126 time=48.4s
  reward terms (mean): model2=0.706 charge=0.775 length=0.659 hmom=0.426 div=-0.008 class_div=0.453
  cluster distribution this step: {0: 140, 1: 1, 2: 39, 3: 15, 4: 61}
  -> checkpoint saved at step 0
step 5/100 mean_reward=1.825 std=0.385 pg_loss=-0.2022 kl=0.0830 total_loss=-0.1980 time=37.2s
  reward terms (mean): model2=0.773 charge=0.771 length=0.661 hmom=0.500 div=-0.041 class_div=0.382
  cluster distribution this step: {0: 128, 1: 5, 2: 35, 3: 28, 4: 60}
step 10/100 mean_reward=1.908 std=0.389 pg_loss=-0.1883 kl=0.0952 total_loss=-0.1835 time=35.9s
  reward terms (mean): model2=0.805 charge=0.831 length=0.696 hmom=0.565 div=-0.044 class_div=0.377
  cluster distribution this step: {0: 120, 1: 7, 2: 16, 3: 24, 4: 89}
step 15/100 mean_reward=1.924 std=0.339 pg_loss=-0.1482 kl=0.1298 total_loss=-0.1417 time=34.9s
  reward terms (mean): model2=0.852 charge=0.761 length=0.717 hmom=0.614 div=-0.095 class_div=0.382
  cluster distribution this step: {0: 105, 1: 9, 2: 12, 3: 35, 4: 95}
step 20/100 mean_reward=1.935 std=0.343 pg_loss=-0.1214 kl=0.1245 total_loss=-0.1152 time=34.6s
  reward terms (mean): model2=0.883 charge=0.794 length=0.680 hmom=0.637 div=-0.134 class_div=0.395
  cluster distribution this step: {0: 73, 1: 14, 2: 15, 3: 42, 4: 112}
step 25/100 mean_reward=1.961 std=0.322 pg_loss=-0.1716 kl=0.1479 total_loss=-0.1642 time=28.5s
  reward terms (mean): model2=0.901 charge=0.781 length=0.704 hmom=0.638 div=-0.070 class_div=0.385
  cluster distribution this step: {0: 84, 1: 9, 2: 14, 3: 34, 4: 115}
  -> checkpoint saved at step 25
step 30/100 mean_reward=2.041 std=0.268 pg_loss=-0.0949 kl=0.1656 total_loss=-0.0866 time=31.2s
  reward terms (mean): model2=0.925 charge=0.860 length=0.694 hmom=0.683 div=-0.055 class_div=0.388
  cluster distribution this step: {0: 72, 1: 8, 2: 6, 3: 32, 4: 138}
step 35/100 mean_reward=2.048 std=0.267 pg_loss=-0.0780 kl=0.1725 total_loss=-0.0694 time=30.2s
  reward terms (mean): model2=0.937 charge=0.826 length=0.705 hmom=0.692 div=-0.077 class_div=0.395
  cluster distribution this step: {0: 61, 1: 14, 2: 3, 3: 42, 4: 136}
step 40/100 mean_reward=2.046 std=0.261 pg_loss=-0.1020 kl=0.1866 total_loss=-0.0927 time=33.4s
  reward terms (mean): model2=0.934 charge=0.846 length=0.662 hmom=0.716 div=-0.062 class_div=0.384
  cluster distribution this step: {0: 72, 1: 2, 2: 8, 3: 33, 4: 141}
step 45/100 mean_reward=2.099 std=0.274 pg_loss=-0.1283 kl=0.2090 total_loss=-0.1179 time=27.6s
  reward terms (mean): model2=0.931 charge=0.885 length=0.699 hmom=0.733 div=-0.032 class_div=0.389
  cluster distribution this step: {0: 55, 1: 5, 2: 8, 3: 26, 4: 162}
step 50/100 mean_reward=2.118 std=0.229 pg_loss=-0.0516 kl=0.2171 total_loss=-0.0408 time=27.0s
  reward terms (mean): model2=0.947 charge=0.903 length=0.698 hmom=0.760 div=-0.059 class_div=0.382
  cluster distribution this step: {0: 74, 1: 2, 2: 3, 3: 33, 4: 144}
  -> checkpoint saved at step 50
step 55/100 mean_reward=2.115 std=0.238 pg_loss=-0.0955 kl=0.2187 total_loss=-0.0846 time=28.5s
  reward terms (mean): model2=0.944 charge=0.912 length=0.701 hmom=0.727 div=-0.035 class_div=0.386
  cluster distribution this step: {0: 60, 1: 5, 2: 5, 3: 23, 4: 163}
step 60/100 mean_reward=2.155 std=0.220 pg_loss=-0.0492 kl=0.2522 total_loss=-0.0366 time=27.4s
  reward terms (mean): model2=0.960 charge=0.926 length=0.714 hmom=0.750 div=-0.033 class_div=0.385
  cluster distribution this step: {0: 61, 1: 4, 2: 5, 3: 25, 4: 161}
step 65/100 mean_reward=2.160 std=0.244 pg_loss=-0.1402 kl=0.2716 total_loss=-0.1266 time=28.2s
  reward terms (mean): model2=0.938 charge=0.915 length=0.696 hmom=0.758 div=-0.035 class_div=0.385
  cluster distribution this step: {0: 59, 1: 4, 2: 1, 3: 23, 4: 169}
step 70/100 mean_reward=2.201 std=0.220 pg_loss=-0.0955 kl=0.2551 total_loss=-0.0827 time=31.8s
  reward terms (mean): model2=0.960 charge=0.909 length=0.697 hmom=0.763 div=-0.019 class_div=0.387
  cluster distribution this step: {0: 56, 1: 1, 2: 1, 3: 32, 4: 166}
step 75/100 mean_reward=2.188 std=0.242 pg_loss=-0.0768 kl=0.2823 total_loss=-0.0627 time=26.8s
  reward terms (mean): model2=0.964 charge=0.897 length=0.697 hmom=0.745 div=-0.038 class_div=0.389
  cluster distribution this step: {0: 46, 1: 2, 3: 27, 4: 181}
  -> checkpoint saved at step 75
step 80/100 mean_reward=2.224 std=0.216 pg_loss=-0.0739 kl=0.2891 total_loss=-0.0594 time=26.9s
  reward terms (mean): model2=0.963 charge=0.925 length=0.701 hmom=0.757 div=-0.033 class_div=0.389
  cluster distribution this step: {0: 45, 1: 2, 2: 7, 3: 27, 4: 175}
step 85/100 mean_reward=2.255 std=0.213 pg_loss=-0.0748 kl=0.3283 total_loss=-0.0584 time=28.5s
  reward terms (mean): model2=0.975 charge=0.943 length=0.707 hmom=0.768 div=-0.028 class_div=0.392
  cluster distribution this step: {0: 37, 1: 5, 2: 1, 3: 21, 4: 192}
step 90/100 mean_reward=2.288 std=0.180 pg_loss=-0.0650 kl=0.3867 total_loss=-0.0456 time=26.3s
  reward terms (mean): model2=0.976 charge=0.943 length=0.719 hmom=0.784 div=-0.041 class_div=0.393
  cluster distribution this step: {0: 30, 1: 2, 2: 2, 3: 21, 4: 201}
step 95/100 mean_reward=2.309 std=0.196 pg_loss=-0.1548 kl=0.3870 total_loss=-0.1355 time=30.4s
  reward terms (mean): model2=0.977 charge=0.959 length=0.721 hmom=0.770 div=-0.037 class_div=0.390
  cluster distribution this step: {0: 32, 1: 1, 2: 2, 3: 13, 4: 208}
  -> checkpoint saved at step 99
