nohup: ignoring input
Loading weights:   0%|          | 0/106 [00:00<?, ?it/s]Loading weights: 100%|██████████| 106/106 [00:00<00:00, 12392.58it/s]
Device: cpu
Class-diversity index loaded: k=5, natural frequencies=[0.393 0.039 0.235 0.121 0.212]
Resuming compound log: 25452 novel sequences already recorded
Resuming from step_99.pt
Model 2 loaded. Decision threshold: 0.5000000000000001
Loading esm2_t12_35M_UR50D on cpu (one-time load)...
step 100/250 mean_reward=2.366 std=0.199 pg_loss=-0.1500 kl=0.4607 total_loss=-0.1270 time=38.4s
  reward terms (mean): model2=0.981 charge=0.951 length=0.730 hmom=0.769 div=-0.052 class_div=0.472
  cluster distribution this step: {0: 19, 2: 2, 3: 10, 4: 225}
  -> checkpoint saved at step 100
step 105/250 mean_reward=2.388 std=0.136 pg_loss=-0.1273 kl=0.5180 total_loss=-0.1014 time=32.2s
  reward terms (mean): model2=0.992 charge=0.965 length=0.721 hmom=0.757 div=-0.057 class_div=0.407
  cluster distribution this step: {0: 23, 2: 1, 3: 8, 4: 224}
step 110/250 mean_reward=2.415 std=0.155 pg_loss=-0.1102 kl=0.5527 total_loss=-0.0825 time=33.2s
  reward terms (mean): model2=0.989 charge=0.984 length=0.733 hmom=0.768 div=-0.053 class_div=0.401
  cluster distribution this step: {0: 20, 2: 2, 3: 4, 4: 230}
step 115/250 mean_reward=2.434 std=0.103 pg_loss=-0.0315 kl=0.4958 total_loss=-0.0067 time=28.0s
  reward terms (mean): model2=0.997 charge=0.971 length=0.745 hmom=0.805 div=-0.053 class_div=0.405
  cluster distribution this step: {0: 8, 1: 2, 2: 1, 3: 5, 4: 240}
step 120/250 mean_reward=2.429 std=0.142 pg_loss=-0.1507 kl=0.5902 total_loss=-0.1212 time=29.1s
  reward terms (mean): model2=0.985 charge=0.973 length=0.756 hmom=0.815 div=-0.067 class_div=0.399
  cluster distribution this step: {0: 13, 2: 1, 3: 3, 4: 239}
step 125/250 mean_reward=2.441 std=0.120 pg_loss=-0.1280 kl=0.5007 total_loss=-0.1030 time=27.6s
  reward terms (mean): model2=0.991 charge=0.957 length=0.756 hmom=0.793 div=-0.029 class_div=0.398
  cluster distribution this step: {0: 16, 2: 3, 3: 4, 4: 233}
  -> checkpoint saved at step 125
step 130/250 mean_reward=2.441 std=0.133 pg_loss=-0.0937 kl=0.5231 total_loss=-0.0676 time=27.3s
  reward terms (mean): model2=0.988 charge=0.970 length=0.781 hmom=0.816 div=-0.067 class_div=0.395
  cluster distribution this step: {0: 19, 2: 1, 4: 236}
step 135/250 mean_reward=2.427 std=0.132 pg_loss=-0.0966 kl=0.4934 total_loss=-0.0720 time=29.8s
  reward terms (mean): model2=0.988 charge=0.959 length=0.744 hmom=0.807 div=-0.078 class_div=0.395
  cluster distribution this step: {0: 17, 2: 1, 3: 1, 4: 237}
step 140/250 mean_reward=2.447 std=0.127 pg_loss=-0.0991 kl=0.5360 total_loss=-0.0723 time=30.4s
  reward terms (mean): model2=0.989 charge=0.968 length=0.780 hmom=0.822 div=-0.051 class_div=0.396
  cluster distribution this step: {0: 16, 3: 4, 4: 236}
step 145/250 mean_reward=2.457 std=0.108 pg_loss=-0.1092 kl=0.5997 total_loss=-0.0793 time=29.4s
  reward terms (mean): model2=0.994 charge=0.974 length=0.774 hmom=0.823 div=-0.046 class_div=0.394
  cluster distribution this step: {0: 17, 2: 1, 3: 2, 4: 236}
step 150/250 mean_reward=2.460 std=0.113 pg_loss=-0.0636 kl=0.5710 total_loss=-0.0351 time=30.9s
  reward terms (mean): model2=0.995 charge=0.976 length=0.772 hmom=0.840 div=-0.059 class_div=0.394
  cluster distribution this step: {0: 15, 3: 1, 4: 240}
  -> checkpoint saved at step 150
step 155/250 mean_reward=2.446 std=0.127 pg_loss=-0.1207 kl=0.5508 total_loss=-0.0931 time=27.4s
  reward terms (mean): model2=0.989 charge=0.986 length=0.780 hmom=0.814 div=-0.051 class_div=0.396
  cluster distribution this step: {0: 11, 2: 2, 3: 3, 4: 240}
step 160/250 mean_reward=2.463 std=0.121 pg_loss=-0.0937 kl=0.5123 total_loss=-0.0681 time=32.0s
  reward terms (mean): model2=0.994 charge=0.971 length=0.782 hmom=0.820 div=-0.027 class_div=0.396
  cluster distribution this step: {0: 8, 3: 2, 4: 246}
step 165/250 mean_reward=2.476 std=0.129 pg_loss=-0.1079 kl=0.5854 total_loss=-0.0786 time=29.2s
  reward terms (mean): model2=0.993 charge=0.974 length=0.804 hmom=0.853 div=-0.043 class_div=0.396
  cluster distribution this step: {0: 8, 2: 2, 4: 246}
step 170/250 mean_reward=2.462 std=0.109 pg_loss=-0.1147 kl=0.5613 total_loss=-0.0866 time=31.1s
  reward terms (mean): model2=0.997 charge=0.967 length=0.789 hmom=0.837 div=-0.040 class_div=0.396
  cluster distribution this step: {0: 12, 1: 2, 2: 1, 3: 2, 4: 239}
step 175/250 mean_reward=2.484 std=0.103 pg_loss=-0.1345 kl=0.6094 total_loss=-0.1040 time=31.6s
  reward terms (mean): model2=0.994 charge=0.976 length=0.837 hmom=0.845 div=-0.033 class_div=0.396
  cluster distribution this step: {0: 12, 1: 1, 2: 3, 3: 3, 4: 237}
  -> checkpoint saved at step 175
step 180/250 mean_reward=2.469 std=0.131 pg_loss=-0.1187 kl=0.6567 total_loss=-0.0858 time=28.1s
  reward terms (mean): model2=0.986 charge=0.971 length=0.802 hmom=0.855 div=-0.035 class_div=0.392
  cluster distribution this step: {0: 19, 2: 2, 3: 1, 4: 234}
step 185/250 mean_reward=2.489 std=0.105 pg_loss=-0.0699 kl=0.6054 total_loss=-0.0396 time=26.8s
  reward terms (mean): model2=0.995 charge=0.967 length=0.826 hmom=0.876 div=-0.045 class_div=0.396
  cluster distribution this step: {0: 5, 2: 3, 3: 1, 4: 247}
step 190/250 mean_reward=2.471 std=0.120 pg_loss=-0.1381 kl=0.5943 total_loss=-0.1084 time=28.2s
  reward terms (mean): model2=0.989 charge=0.978 length=0.818 hmom=0.855 div=-0.058 class_div=0.393
  cluster distribution this step: {0: 16, 3: 2, 4: 238}
step 195/250 mean_reward=2.483 std=0.118 pg_loss=-0.1033 kl=0.5394 total_loss=-0.0763 time=27.7s
  reward terms (mean): model2=0.995 charge=0.986 length=0.822 hmom=0.862 div=-0.026 class_div=0.396
  cluster distribution this step: {0: 7, 1: 1, 2: 2, 3: 1, 4: 245}
step 200/250 mean_reward=2.491 std=0.105 pg_loss=-0.1053 kl=0.5520 total_loss=-0.0777 time=28.2s
  reward terms (mean): model2=0.994 charge=0.986 length=0.820 hmom=0.863 div=-0.033 class_div=0.394
  cluster distribution this step: {0: 12, 2: 1, 3: 3, 4: 240}
  -> checkpoint saved at step 200
step 205/250 mean_reward=2.478 std=0.116 pg_loss=-0.1467 kl=0.5483 total_loss=-0.1192 time=26.3s
  reward terms (mean): model2=0.995 charge=0.971 length=0.830 hmom=0.864 div=-0.029 class_div=0.396
  cluster distribution this step: {0: 7, 3: 4, 4: 245}
step 210/250 mean_reward=2.493 std=0.101 pg_loss=-0.1151 kl=0.5388 total_loss=-0.0881 time=30.9s
  reward terms (mean): model2=0.996 charge=0.959 length=0.837 hmom=0.844 div=-0.011 class_div=0.395
  cluster distribution this step: {0: 7, 2: 2, 4: 247}
step 215/250 mean_reward=2.505 std=0.084 pg_loss=-0.0982 kl=0.5330 total_loss=-0.0715 time=28.0s
  reward terms (mean): model2=0.996 charge=0.982 length=0.849 hmom=0.842 div=-0.014 class_div=0.394
  cluster distribution this step: {0: 9, 2: 1, 4: 246}
step 220/250 mean_reward=2.503 std=0.093 pg_loss=-0.0879 kl=0.5986 total_loss=-0.0580 time=29.1s
  reward terms (mean): model2=0.998 charge=0.980 length=0.856 hmom=0.876 div=-0.026 class_div=0.396
  cluster distribution this step: {0: 4, 3: 3, 4: 249}
step 225/250 mean_reward=2.505 std=0.084 pg_loss=-0.1087 kl=0.5924 total_loss=-0.0791 time=26.1s
  reward terms (mean): model2=0.996 charge=0.982 length=0.844 hmom=0.882 div=-0.026 class_div=0.396
  cluster distribution this step: {0: 5, 3: 1, 4: 250}
  -> checkpoint saved at step 225
step 230/250 mean_reward=2.514 std=0.093 pg_loss=-0.1561 kl=0.6451 total_loss=-0.1239 time=26.4s
  reward terms (mean): model2=0.997 charge=0.980 length=0.871 hmom=0.882 div=-0.020 class_div=0.395
  cluster distribution this step: {0: 7, 2: 1, 4: 248}
step 235/250 mean_reward=2.505 std=0.090 pg_loss=-0.0779 kl=0.6717 total_loss=-0.0443 time=27.5s
  reward terms (mean): model2=0.994 charge=0.988 length=0.867 hmom=0.877 div=-0.033 class_div=0.394
  cluster distribution this step: {0: 10, 2: 2, 4: 244}
step 240/250 mean_reward=2.513 std=0.078 pg_loss=-0.0963 kl=0.5548 total_loss=-0.0685 time=27.7s
  reward terms (mean): model2=0.998 charge=0.988 length=0.865 hmom=0.874 div=-0.032 class_div=0.396
  cluster distribution this step: {0: 6, 1: 1, 2: 1, 3: 1, 4: 247}
step 245/250 mean_reward=2.527 std=0.064 pg_loss=-0.0595 kl=0.5790 total_loss=-0.0306 time=25.6s
  reward terms (mean): model2=0.999 charge=0.996 length=0.873 hmom=0.878 div=-0.010 class_div=0.397
  cluster distribution this step: {0: 2, 2: 1, 3: 2, 4: 251}
  -> checkpoint saved at step 249
